Archive member included to satisfy reference by file (symbol)

d:/gcc_tool/gnu_tool_arm_embedded/bin/../lib/gcc/arm-none-eabi/9.2.1/../../../../arm-none-eabi/lib/thumb/v7e-m+fp/hard\libc_nano.a(lib_a-exit.o)
                              d:/gcc_tool/gnu_tool_arm_embedded/bin/../lib/gcc/arm-none-eabi/9.2.1/../../../../arm-none-eabi/lib/thumb/v7e-m+fp/hard/crt0.o (exit)
d:/gcc_tool/gnu_tool_arm_embedded/bin/../lib/gcc/arm-none-eabi/9.2.1/../../../../arm-none-eabi/lib/thumb/v7e-m+fp/hard\libc_nano.a(lib_a-impure.o)
                              d:/gcc_tool/gnu_tool_arm_embedded/bin/../lib/gcc/arm-none-eabi/9.2.1/../../../../arm-none-eabi/lib/thumb/v7e-m+fp/hard\libc_nano.a(lib_a-exit.o) (_global_impure_ptr)
d:/gcc_tool/gnu_tool_arm_embedded/bin/../lib/gcc/arm-none-eabi/9.2.1/../../../../arm-none-eabi/lib/thumb/v7e-m+fp/hard\libc_nano.a(lib_a-init.o)
                              d:/gcc_tool/gnu_tool_arm_embedded/bin/../lib/gcc/arm-none-eabi/9.2.1/../../../../arm-none-eabi/lib/thumb/v7e-m+fp/hard/crt0.o (__libc_init_array)
d:/gcc_tool/gnu_tool_arm_embedded/bin/../lib/gcc/arm-none-eabi/9.2.1/../../../../arm-none-eabi/lib/thumb/v7e-m+fp/hard\libc_nano.a(lib_a-memset.o)
                              d:/gcc_tool/gnu_tool_arm_embedded/bin/../lib/gcc/arm-none-eabi/9.2.1/../../../../arm-none-eabi/lib/thumb/v7e-m+fp/hard/crt0.o (memset)
d:/gcc_tool/gnu_tool_arm_embedded/bin/../lib/gcc/arm-none-eabi/9.2.1/../../../../arm-none-eabi/lib/thumb/v7e-m+fp/hard\libnosys.a(_exit.o)
                              d:/gcc_tool/gnu_tool_arm_embedded/bin/../lib/gcc/arm-none-eabi/9.2.1/../../../../arm-none-eabi/lib/thumb/v7e-m+fp/hard\libc_nano.a(lib_a-exit.o) (_exit)

Allocating common symbols
Common symbol       size              file

RCC_Clocks          0x10              build/main.o

Discarded input sections

 .text          0x00000000        0x0 d:/gcc_tool/gnu_tool_arm_embedded/bin/../lib/gcc/arm-none-eabi/9.2.1/thumb/v7e-m+fp/hard/crti.o
 .data          0x00000000        0x0 d:/gcc_tool/gnu_tool_arm_embedded/bin/../lib/gcc/arm-none-eabi/9.2.1/thumb/v7e-m+fp/hard/crti.o
 .bss           0x00000000        0x0 d:/gcc_tool/gnu_tool_arm_embedded/bin/../lib/gcc/arm-none-eabi/9.2.1/thumb/v7e-m+fp/hard/crti.o
 .data          0x00000000        0x4 d:/gcc_tool/gnu_tool_arm_embedded/bin/../lib/gcc/arm-none-eabi/9.2.1/thumb/v7e-m+fp/hard/crtbegin.o
 .text          0x00000000       0x74 d:/gcc_tool/gnu_tool_arm_embedded/bin/../lib/gcc/arm-none-eabi/9.2.1/../../../../arm-none-eabi/lib/thumb/v7e-m+fp/hard/crt0.o
 .data          0x00000000        0x0 d:/gcc_tool/gnu_tool_arm_embedded/bin/../lib/gcc/arm-none-eabi/9.2.1/../../../../arm-none-eabi/lib/thumb/v7e-m+fp/hard/crt0.o
 .bss           0x00000000        0x0 d:/gcc_tool/gnu_tool_arm_embedded/bin/../lib/gcc/arm-none-eabi/9.2.1/../../../../arm-none-eabi/lib/thumb/v7e-m+fp/hard/crt0.o
 .ARM.extab     0x00000000        0x0 d:/gcc_tool/gnu_tool_arm_embedded/bin/../lib/gcc/arm-none-eabi/9.2.1/../../../../arm-none-eabi/lib/thumb/v7e-m+fp/hard/crt0.o
 .ARM.exidx     0x00000000        0x8 d:/gcc_tool/gnu_tool_arm_embedded/bin/../lib/gcc/arm-none-eabi/9.2.1/../../../../arm-none-eabi/lib/thumb/v7e-m+fp/hard/crt0.o
 .ARM.attributes
                0x00000000       0x1c d:/gcc_tool/gnu_tool_arm_embedded/bin/../lib/gcc/arm-none-eabi/9.2.1/../../../../arm-none-eabi/lib/thumb/v7e-m+fp/hard/crt0.o
 .text          0x00000000        0x0 build/main.o
 .data          0x00000000        0x0 build/main.o
 .bss           0x00000000        0x0 build/main.o
 .text          0x00000000        0x0 build/stm32f4xx_it.o
 .data          0x00000000        0x0 build/stm32f4xx_it.o
 .bss           0x00000000        0x0 build/stm32f4xx_it.o
 .text          0x00000000        0x0 build/system_stm32f4xx.o
 .data          0x00000000        0x0 build/system_stm32f4xx.o
 .bss           0x00000000        0x0 build/system_stm32f4xx.o
 .text.SystemCoreClockUpdate
                0x00000000       0xa0 build/system_stm32f4xx.o
 .data.AHBPrescTable
                0x00000000       0x10 build/system_stm32f4xx.o
 .data.SystemCoreClock
                0x00000000        0x4 build/system_stm32f4xx.o
 .text          0x00000000        0x0 build/stm32f4xx_adc.o
 .data          0x00000000        0x0 build/stm32f4xx_adc.o
 .bss           0x00000000        0x0 build/stm32f4xx_adc.o
 .text.ADC_DeInit
                0x00000000       0x18 build/stm32f4xx_adc.o
 .text.ADC_Init
                0x00000000       0x50 build/stm32f4xx_adc.o
 .text.ADC_StructInit
                0x00000000       0x14 build/stm32f4xx_adc.o
 .text.ADC_CommonInit
                0x00000000       0x2c build/stm32f4xx_adc.o
 .text.ADC_CommonStructInit
                0x00000000        0xc build/stm32f4xx_adc.o
 .text.ADC_Cmd  0x00000000       0x16 build/stm32f4xx_adc.o
 .text.ADC_AnalogWatchdogCmd
                0x00000000       0x10 build/stm32f4xx_adc.o
 .text.ADC_AnalogWatchdogThresholdsConfig
                0x00000000        0x6 build/stm32f4xx_adc.o
[...]
Memory Configuration

Name             Origin             Length             Attributes
RAM              0x20000000         0x00020000         xrw
CCMRAM           0x10000000         0x00010000         xrw
FLASH            0x08000000         0x00100000         xr
*default*        0x00000000         0xffffffff

Linker script and memory map

LOAD d:/gcc_tool/gnu_tool_arm_embedded/bin/../lib/gcc/arm-none-eabi/9.2.1/thumb/v7e-m+fp/hard/crti.o
LOAD d:/gcc_tool/gnu_tool_arm_embedded/bin/../lib/gcc/arm-none-eabi/9.2.1/thumb/v7e-m+fp/hard/crtbegin.o
LOAD d:/gcc_tool/gnu_tool_arm_embedded/bin/../lib/gcc/arm-none-eabi/9.2.1/../../../../arm-none-eabi/lib/thumb/v7e-m+fp/hard/crt0.o
LOAD build/main.o
LOAD build/stm32f4xx_it.o
LOAD build/system_stm32f4xx.o
LOAD build/stm32f4xx_adc.o
LOAD build/stm32f4xx_can.o
LOAD build/stm32f4xx_cec.o
LOAD build/stm32f4xx_crc.o
LOAD build/stm32f4xx_cryp_aes.o
LOAD build/stm32f4xx_cryp_des.o
LOAD build/stm32f4xx_cryp_tdes.o
LOAD build/stm32f4xx_cryp.o
LOAD build/stm32f4xx_dac.o
LOAD build/stm32f4xx_dbgmcu.o
LOAD build/stm32f4xx_dcmi.o
LOAD build/stm32f4xx_dma2d.o
LOAD build/stm32f4xx_dsi.o
LOAD build/stm32f4xx_exti.o
LOAD build/stm32f4xx_flash_ramfunc.o
LOAD build/stm32f4xx_flash.o
LOAD build/stm32f4xx_gpio.o
LOAD build/stm32f4xx_hash_md5.o
LOAD build/stm32f4xx_hash_sha1.o
LOAD build/stm32f4xx_hash.o
LOAD build/stm32f4xx_i2c.o
LOAD build/stm32f4xx_iwdg.o
LOAD build/stm32f4xx_lptim.o
LOAD build/stm32f4xx_ltdc.o
LOAD build/stm32f4xx_pwr.o
LOAD build/stm32f4xx_qspi.o
LOAD build/stm32f4xx_rcc.o
LOAD build/stm32f4xx_rng.o
LOAD build/stm32f4xx_rtc.o
LOAD build/stm32f4xx_sai.o
LOAD build/stm32f4xx_sdio.o
LOAD build/stm32f4xx_spdifrx.o
LOAD build/stm32f4xx_spi.o
LOAD build/stm32f4xx_syscfg.o
LOAD build/stm32f4xx_tim.o
LOAD build/stm32f4xx_usart.o
LOAD build/stm32f4xx_wwdg.o
LOAD build/startup_stm32f407xx.o
LOAD d:/gcc_tool/gnu_tool_arm_embedded/bin/../lib/gcc/arm-none-eabi/9.2.1/../../../../arm-none-eabi/lib/thumb/v7e-m+fp/hard\libc_nano.a
LOAD d:/gcc_tool/gnu_tool_arm_embedded/bin/../lib/gcc/arm-none-eabi/9.2.1/../../../../arm-none-eabi/lib/thumb/v7e-m+fp/hard\libm.a
LOAD d:/gcc_tool/gnu_tool_arm_embedded/bin/../lib/gcc/arm-none-eabi/9.2.1/../../../../arm-none-eabi/lib/thumb/v7e-m+fp/hard\libnosys.a
START GROUP
LOAD d:/gcc_tool/gnu_tool_arm_embedded/bin/../lib/gcc/arm-none-eabi/9.2.1/thumb/v7e-m+fp/hard\libgcc.a
LOAD d:/gcc_tool/gnu_tool_arm_embedded/bin/../lib/gcc/arm-none-eabi/9.2.1/../../../../arm-none-eabi/lib/thumb/v7e-m+fp/hard\libc_nano.a
END GROUP
START GROUP
LOAD d:/gcc_tool/gnu_tool_arm_embedded/bin/../lib/gcc/arm-none-eabi/9.2.1/thumb/v7e-m+fp/hard\libgcc.a
LOAD d:/gcc_tool/gnu_tool_arm_embedded/bin/../lib/gcc/arm-none-eabi/9.2.1/../../../../arm-none-eabi/lib/thumb/v7e-m+fp/hard\libc_nano.a
END GROUP
LOAD d:/gcc_tool/gnu_tool_arm_embedded/bin/../lib/gcc/arm-none-eabi/9.2.1/thumb/v7e-m+fp/hard/crtend.o
LOAD d:/gcc_tool/gnu_tool_arm_embedded/bin/../lib/gcc/arm-none-eabi/9.2.1/thumb/v7e-m+fp/hard/crtn.o
                0x20020000                _estack = (ORIGIN (RAM) + LENGTH (RAM))
                0x00000200                _Min_Heap_Size = 0x200
                0x00000400                _Min_Stack_Size = 0x400

.isr_vector     0x08000000      0x188
                0x08000000                . = ALIGN (0x4)
 *(.isr_vector)
 .isr_vector    0x08000000      0x188 build/startup_stm32f407xx.o
                0x08000000                g_pfnVectors
                0x08000188                . = ALIGN (0x4)

.text           0x08000188      0x494
                0x08000188                . = ALIGN (0x4)
 *(.text)
 .text          0x08000188       0x40 d:/gcc_tool/gnu_tool_arm_embedded/bin/../lib/gcc/arm-none-eabi/9.2.1/thumb/v7e-m+fp/hard/crtbegin.o
 *(.text*)
 .text.Delay    0x080001c8       0x1c build/main.o
 .text.main     0x080001e4       0xbc build/main.o
                0x080001e4                main
 .text.TimingDelay_Decrement
                0x080002a0       0x14 build/main.o
                0x080002a0                TimingDelay_Decrement
 .text.NMI_Handler
                0x080002b4        0x2 build/stm32f4xx_it.o
                0x080002b4                NMI_Handler
 .text.HardFault_Handler
                0x080002b6        0x2 build/stm32f4xx_it.o
                0x080002b6                HardFault_Handler
 .text.MemManage_Handler
                0x080002b8        0x2 build/stm32f4xx_it.o
                0x080002b8                MemManage_Handler
 .text.BusFault_Handler
                0x080002ba        0x2 build/stm32f4xx_it.o
                0x080002ba                BusFault_Handler
 .text.UsageFault_Handler
                0x080002bc        0x2 build/stm32f4xx_it.o
                0x080002bc                UsageFault_Handler
 .text.SVC_Handler
                0x080002be        0x2 build/stm32f4xx_it.o
                0x080002be                SVC_Handler
 .text.DebugMon_Handler
                0x080002c0        0x2 build/stm32f4xx_it.o
                0x080002c0                DebugMon_Handler
 .text.PendSV_Handler
                0x080002c2        0x2 build/stm32f4xx_it.o
                0x080002c2                PendSV_Handler
 .text.SysTick_Handler
                0x080002c4        0x8 build/stm32f4xx_it.o
                0x080002c4                SysTick_Handler
 .text.SetSysClock
                0x080002cc       0xc4 build/system_stm32f4xx.o
 .text.SystemInit
                0x08000390       0x50 build/system_stm32f4xx.o
                0x08000390                SystemInit
 .text.GPIO_Init
                0x080003e0       0x8c build/stm32f4xx_gpio.o
                0x080003e0                GPIO_Init
 .text.RCC_MCO1Config
                0x0800046c       0x14 build/stm32f4xx_rcc.o
                0x0800046c                RCC_MCO1Config
 .text.RCC_MCO2Config
                0x08000480       0x14 build/stm32f4xx_rcc.o
                0x08000480                RCC_MCO2Config
 .text.RCC_GetClocksFreq
                0x08000494       0xb8 build/stm32f4xx_rcc.o
                0x08000494                RCC_GetClocksFreq
 .text.RCC_AHB1PeriphClockCmd
                0x0800054c       0x1c build/stm32f4xx_rcc.o
                0x0800054c                RCC_AHB1PeriphClockCmd
 .text.Reset_Handler
                0x08000568       0x50 build/startup_stm32f407xx.o
                0x08000568                Reset_Handler
 .text.Default_Handler
                0x080005b8        0x2 build/startup_stm32f407xx.o
                0x080005b8                RTC_Alarm_IRQHandler
                0x080005b8                HASH_RNG_IRQHandler
                0x080005b8                EXTI2_IRQHandler
                0x080005b8                TIM8_CC_IRQHandler
                0x080005b8                TIM1_CC_IRQHandler
                0x080005b8                DMA2_Stream5_IRQHandler
                0x080005b8                DMA1_Stream5_IRQHandler
                0x080005b8                PVD_IRQHandler
                0x080005b8                SDIO_IRQHandler
                0x080005b8                TAMP_STAMP_IRQHandler
                0x080005b8                CAN2_RX1_IRQHandler
                0x080005b8                EXTI3_IRQHandler
                0x080005b8                TIM8_TRG_COM_TIM14_IRQHandler
                0x080005b8                TIM1_UP_TIM10_IRQHandler
                0x080005b8                TIM8_UP_TIM13_IRQHandler
                0x080005b8                I2C3_ER_IRQHandler
                0x080005b8                EXTI0_IRQHandler
                0x080005b8                I2C2_EV_IRQHandler
                0x080005b8                DMA1_Stream2_IRQHandler
                0x080005b8                CAN1_RX0_IRQHandler
                0x080005b8                FPU_IRQHandler
                0x080005b8                OTG_HS_WKUP_IRQHandler
                0x080005b8                CAN2_SCE_IRQHandler
                0x080005b8                DMA2_Stream2_IRQHandler
                0x080005b8                SPI1_IRQHandler
                0x080005b8                TIM6_DAC_IRQHandler
                0x080005b8                TIM1_BRK_TIM9_IRQHandler
                0x080005b8                DCMI_IRQHandler
                0x080005b8                CAN2_RX0_IRQHandler
                0x080005b8                DMA2_Stream3_IRQHandler
                0x080005b8                USART6_IRQHandler
                0x080005b8                USART3_IRQHandler
                0x080005b8                CAN1_RX1_IRQHandler
                0x080005b8                UART5_IRQHandler
                0x080005b8                DMA2_Stream0_IRQHandler
                0x080005b8                TIM4_IRQHandler
                0x080005b8                I2C1_EV_IRQHandler
                0x080005b8                DMA1_Stream6_IRQHandler
                0x080005b8                DMA1_Stream1_IRQHandler
                0x080005b8                UART4_IRQHandler
                0x080005b8                TIM3_IRQHandler
                0x080005b8                RCC_IRQHandler
                0x080005b8                TIM8_BRK_TIM12_IRQHandler
                0x080005b8                Default_Handler
                0x080005b8                EXTI15_10_IRQHandler
                0x080005b8                ADC_IRQHandler
                0x080005b8                DMA1_Stream7_IRQHandler
                0x080005b8                TIM7_IRQHandler
                0x080005b8                CAN2_TX_IRQHandler
                0x080005b8                TIM5_IRQHandler
                0x080005b8                DMA2_Stream7_IRQHandler
                0x080005b8                I2C3_EV_IRQHandler
                0x080005b8                EXTI9_5_IRQHandler
                0x080005b8                RTC_WKUP_IRQHandler
                0x080005b8                ETH_WKUP_IRQHandler
                0x080005b8                SPI2_IRQHandler
                0x080005b8                OTG_HS_EP1_IN_IRQHandler
                0x080005b8                DMA1_Stream0_IRQHandler
                0x080005b8                CAN1_TX_IRQHandler
                0x080005b8                EXTI4_IRQHandler
                0x080005b8                FSMC_IRQHandler
                0x080005b8                ETH_IRQHandler
                0x080005b8                OTG_HS_EP1_OUT_IRQHandler
                0x080005b8                WWDG_IRQHandler
                0x080005b8                TIM2_IRQHandler
                0x080005b8                OTG_FS_WKUP_IRQHandler
                0x080005b8                TIM1_TRG_COM_TIM11_IRQHandler
                0x080005b8                OTG_HS_IRQHandler
                0x080005b8                EXTI1_IRQHandler
                0x080005b8                USART2_IRQHandler
                0x080005b8                I2C2_ER_IRQHandler
                0x080005b8                DMA2_Stream1_IRQHandler
                0x080005b8                CAN1_SCE_IRQHandler
                0x080005b8                FLASH_IRQHandler
                0x080005b8                DMA2_Stream4_IRQHandler
                0x080005b8                USART1_IRQHandler
                0x080005b8                OTG_FS_IRQHandler
                0x080005b8                SPI3_IRQHandler
                0x080005b8                DMA1_Stream4_IRQHandler
                0x080005b8                I2C1_ER_IRQHandler
                0x080005b8                DMA2_Stream6_IRQHandler
                0x080005b8                DMA1_Stream3_IRQHandler
 *fill*         0x080005ba        0x2 
 .text.__libc_init_array
                0x080005bc       0x48 d:/gcc_tool/gnu_tool_arm_embedded/bin/../lib/gcc/arm-none-eabi/9.2.1/../../../../arm-none-eabi/lib/thumb/v7e-m+fp/hard\libc_nano.a(lib_a-init.o)
                0x080005bc                __libc_init_array
 *(.glue_7)
 .glue_7        0x08000604        0x0 linker stubs
 *(.glue_7t)
 .glue_7t       0x08000604        0x0 linker stubs
 *(.eh_frame)
 .eh_frame      0x08000604        0x0 d:/gcc_tool/gnu_tool_arm_embedded/bin/../lib/gcc/arm-none-eabi/9.2.1/thumb/v7e-m+fp/hard/crtbegin.o
 *(.init)
 .init          0x08000604        0x4 d:/gcc_tool/gnu_tool_arm_embedded/bin/../lib/gcc/arm-none-eabi/9.2.1/thumb/v7e-m+fp/hard/crti.o
                0x08000604                _init
 .init          0x08000608        0x8 d:/gcc_tool/gnu_tool_arm_embedded/bin/../lib/gcc/arm-none-eabi/9.2.1/thumb/v7e-m+fp/hard/crtn.o
 *(.fini)
 .fini          0x08000610        0x4 d:/gcc_tool/gnu_tool_arm_embedded/bin/../lib/gcc/arm-none-eabi/9.2.1/thumb/v7e-m+fp/hard/crti.o
                0x08000610                _fini
 .fini          0x08000614        0x8 d:/gcc_tool/gnu_tool_arm_embedded/bin/../lib/gcc/arm-none-eabi/9.2.1/thumb/v7e-m+fp/hard/crtn.o
                0x0800061c                . = ALIGN (0x4)
                0x0800061c                _etext = .

.vfp11_veneer   0x0800061c        0x0
 .vfp11_veneer  0x0800061c        0x0 linker stubs

.v4_bx          0x0800061c        0x0
 .v4_bx         0x0800061c        0x0 linker stubs

.iplt           0x0800061c        0x0
 .iplt          0x0800061c        0x0 d:/gcc_tool/gnu_tool_arm_embedded/bin/../lib/gcc/arm-none-eabi/9.2.1/thumb/v7e-m+fp/hard/crtbegin.o

.rel.dyn        0x0800061c        0x0
 .rel.iplt      0x0800061c        0x0 d:/gcc_tool/gnu_tool_arm_embedded/bin/../lib/gcc/arm-none-eabi/9.2.1/thumb/v7e-m+fp/hard/crtbegin.o

.rodata         0x0800061c        0x0
                0x0800061c                . = ALIGN (0x4)
 *(.rodata)
 *(.rodata*)
                0x0800061c                . = ALIGN (0x4)

.ARM.extab
 *(.ARM.extab* .gnu.linkonce.armextab.*)

.ARM            0x0800061c        0x0
                0x0800061c                __exidx_start = .
 *(.ARM.exidx*)
                0x0800061c                __exidx_end = .

.preinit_array  0x0800061c        0x0
                0x0800061c                PROVIDE (__preinit_array_start = .)
 *(.preinit_array*)
                0x0800061c                PROVIDE (__preinit_array_end = .)

.init_array     0x0800061c        0x4
                0x0800061c                PROVIDE (__init_array_start = .)
 *(SORT_BY_NAME(.init_array.*))
 *(.init_array*)
 .init_array    0x0800061c        0x4 d:/gcc_tool/gnu_tool_arm_embedded/bin/../lib/gcc/arm-none-eabi/9.2.1/thumb/v7e-m+fp/hard/crtbegin.o
                0x08000620                PROVIDE (__init_array_end = .)

.fini_array     0x08000620        0x4
                [!provide]                PROVIDE (__fini_array_start = .)
 *(SORT_BY_NAME(.fini_array.*))
 *(.fini_array*)
 .fini_array    0x08000620        0x4 d:/gcc_tool/gnu_tool_arm_embedded/bin/../lib/gcc/arm-none-eabi/9.2.1/thumb/v7e-m+fp/hard/crtbegin.o
                [!provide]                PROVIDE (__fini_array_end = .)
                0x08000624                _sidata = LOADADDR (.data)

.data           0x20000000       0x10 load address 0x08000624
                0x20000000                . = ALIGN (0x4)
                0x20000000                _sdata = .
 *(.data)
 *(.data*)
 .data.APBAHBPrescTable
                0x20000000       0x10 build/stm32f4xx_rcc.o
                0x20000010                . = ALIGN (0x4)
                0x20000010                _edata = .
                0x08000634                _siccmram = LOADADDR (.ccmram)

.igot.plt       0x20000010        0x0 load address 0x08000634
 .igot.plt      0x20000010        0x0 d:/gcc_tool/gnu_tool_arm_embedded/bin/../lib/gcc/arm-none-eabi/9.2.1/thumb/v7e-m+fp/hard/crtbegin.o

.ccmram         0x10000000        0x0 load address 0x08000634
                0x10000000                . = ALIGN (0x4)
                0x10000000                _sccmram = .
 *(.ccmram)
 *(.ccmram*)
                0x10000000                . = ALIGN (0x4)
                0x10000000                _eccmram = .
                0x10000000                . = ALIGN (0x4)

.bss            0x20000010       0x30
                0x20000010                _sbss = .
                0x20000010                __bss_start__ = _sbss
 *(.bss)
 .bss           0x20000010       0x1c d:/gcc_tool/gnu_tool_arm_embedded/bin/../lib/gcc/arm-none-eabi/9.2.1/thumb/v7e-m+fp/hard/crtbegin.o
 *(.bss*)
 .bss.uwTimingDelay
                0x2000002c        0x4 build/main.o
 *(COMMON)
 COMMON         0x20000030       0x10 build/main.o
                0x20000030                RCC_Clocks
                0x20000040                . = ALIGN (0x4)
                0x20000040                _ebss = .
                0x20000040                __bss_end__ = _ebss

._user_heap_stack
                0x20000040      0x600
                0x20000040                . = ALIGN (0x8)
                [!provide]                PROVIDE (end = .)
                [!provide]                PROVIDE (_end = .)
                0x20000240                . = (. + _Min_Heap_Size)
 *fill*         0x20000040      0x200 
                0x20000640                . = (. + _Min_Stack_Size)
 *fill*         0x20000240      0x400 
                0x20000640                . = ALIGN (0x8)

/DISCARD/
 libc.a(*)
 libm.a(*)
 libgcc.a(*)

.ARM.attributes
                0x00000000       0x30
 *(.ARM.attributes)
 .ARM.attributes
                0x00000000       0x1e d:/gcc_tool/gnu_tool_arm_embedded/bin/../lib/gcc/arm-none-eabi/9.2.1/thumb/v7e-m+fp/hard/crti.o
 .ARM.attributes
                0x0000001e       0x34 d:/gcc_tool/gnu_tool_arm_embedded/bin/../lib/gcc/arm-none-eabi/9.2.1/thumb/v7e-m+fp/hard/crtbegin.o
 .ARM.attributes
                0x00000052       0x34 build/main.o
 .ARM.attributes
                0x00000086       0x34 build/stm32f4xx_it.o
 .ARM.attributes
                0x000000ba       0x34 build/system_stm32f4xx.o
 .ARM.attributes
                0x000000ee       0x34 build/stm32f4xx_gpio.o
 .ARM.attributes
                0x00000122       0x34 build/stm32f4xx_rcc.o
 .ARM.attributes
                0x00000156       0x21 build/startup_stm32f407xx.o
 .ARM.attributes
                0x00000177       0x34 d:/gcc_tool/gnu_tool_arm_embedded/bin/../lib/gcc/arm-none-eabi/9.2.1/../../../../arm-none-eabi/lib/thumb/v7e-m+fp/hard\libc_nano.a(lib_a-init.o)
 .ARM.attributes
                0x000001ab       0x1e d:/gcc_tool/gnu_tool_arm_embedded/bin/../lib/gcc/arm-none-eabi/9.2.1/thumb/v7e-m+fp/hard/crtn.o
OUTPUT(build/make_obj.elf elf32-littlearm)

.debug_info     0x00000000     0x2ee8
 .debug_info    0x00000000      0xb4a build/main.o
 .debug_info    0x00000b4a      0x1a5 build/stm32f4xx_it.o
 .debug_info    0x00000cef      0x728 build/system_stm32f4xx.o
 .debug_info    0x00001417      0x942 build/stm32f4xx_gpio.o
 .debug_info    0x00001d59     0x116d build/stm32f4xx_rcc.o
 .debug_info    0x00002ec6       0x22 build/startup_stm32f407xx.o

.debug_abbrev   0x00000000      0x9b6
 .debug_abbrev  0x00000000      0x276 build/main.o
 .debug_abbrev  0x00000276       0xbd build/stm32f4xx_it.o
 .debug_abbrev  0x00000333      0x19c build/system_stm32f4xx.o
 .debug_abbrev  0x000004cf      0x26f build/stm32f4xx_gpio.o
 .debug_abbrev  0x0000073e      0x266 build/stm32f4xx_rcc.o
 .debug_abbrev  0x000009a4       0x12 build/startup_stm32f407xx.o

.debug_loc      0x00000000     0x140b
 .debug_loc     0x00000000       0xe5 build/main.o
 .debug_loc     0x000000e5       0x20 build/stm32f4xx_it.o
 .debug_loc     0x00000105      0x1c4 build/system_stm32f4xx.o
 .debug_loc     0x000002c9      0x518 build/stm32f4xx_gpio.o
 .debug_loc     0x000007e1      0xc2a build/stm32f4xx_rcc.o

.debug_aranges  0x00000000      0x330
 .debug_aranges
                0x00000000       0x30 build/main.o
 .debug_aranges
                0x00000030       0x60 build/stm32f4xx_it.o
 .debug_aranges
                0x00000090       0x30 build/system_stm32f4xx.o
 .debug_aranges
                0x000000c0       0x88 build/stm32f4xx_gpio.o
 .debug_aranges
                0x00000148      0x1c0 build/stm32f4xx_rcc.o
 .debug_aranges
                0x00000308       0x28 build/startup_stm32f407xx.o

.debug_ranges   0x00000000      0x2d8
 .debug_ranges  0x00000000       0x20 build/main.o
 .debug_ranges  0x00000020       0x50 build/stm32f4xx_it.o
 .debug_ranges  0x00000070       0x20 build/system_stm32f4xx.o
 .debug_ranges  0x00000090       0x78 build/stm32f4xx_gpio.o
 .debug_ranges  0x00000108      0x1b0 build/stm32f4xx_rcc.o
 .debug_ranges  0x000002b8       0x20 build/startup_stm32f407xx.o

.debug_line     0x00000000     0x1a3a
 .debug_line    0x00000000      0x28d build/main.o
 .debug_line    0x0000028d      0x209 build/stm32f4xx_it.o
 .debug_line    0x00000496      0x388 build/system_stm32f4xx.o
 .debug_line    0x0000081e      0x552 build/stm32f4xx_gpio.o
 .debug_line    0x00000d70      0xc54 build/stm32f4xx_rcc.o
 .debug_line    0x000019c4       0x76 build/startup_stm32f407xx.o

.debug_str      0x00000000     0x1415
 .debug_str     0x00000000      0xa26 build/main.o
                                0xa87 (size before relaxing)
 .debug_str     0x00000a26       0xa4 build/stm32f4xx_it.o
                                0x280 (size before relaxing)
 .debug_str     0x00000aca      0x192 build/system_stm32f4xx.o
                                0x422 (size before relaxing)
 .debug_str     0x00000c5c      0x19a build/stm32f4xx_gpio.o
                                0x51a (size before relaxing)
 .debug_str     0x00000df6      0x5fb build/stm32f4xx_rcc.o
                                0xa2c (size before relaxing)
 .debug_str     0x000013f1       0x24 build/startup_stm32f407xx.o
                                 0x5c (size before relaxing)

.comment        0x00000000       0x79
 .comment       0x00000000       0x79 build/main.o
                                 0x7a (size before relaxing)
 .comment       0x00000079       0x7a build/stm32f4xx_it.o
 .comment       0x00000079       0x7a build/system_stm32f4xx.o
 .comment       0x00000079       0x7a build/stm32f4xx_gpio.o
 .comment       0x00000079       0x7a build/stm32f4xx_rcc.o

.debug_frame    0x00000000      0x630
 .debug_frame   0x00000000       0x54 build/main.o
 .debug_frame   0x00000054       0xac build/stm32f4xx_it.o
 .debug_frame   0x00000100       0x58 build/system_stm32f4xx.o
 .debug_frame   0x00000158      0x130 build/stm32f4xx_gpio.o
 .debug_frame   0x00000288      0x37c build/stm32f4xx_rcc.o
 .debug_frame   0x00000604       0x2c d:/gcc_tool/gnu_tool_arm_embedded/bin/../lib/gcc/arm-none-eabi/9.2.1/../../../../arm-none-eabi/lib/thumb/v7e-m+fp/hard\libc_nano.a(lib_a-init.o)

Cross Reference Table

Symbol                                            File
ADC_AnalogWatchdogCmd                             build/stm32f4xx_adc.o
ADC_AnalogWatchdogSingleChannelConfig             build/stm32f4xx_adc.o
ADC_AnalogWatchdogThresholdsConfig                build/stm32f4xx_adc.o
ADC_AutoInjectedConvCmd                           build/stm32f4xx_adc.o
ADC_ClearFlag                                     build/stm32f4xx_adc.o
ADC_ClearITPendingBit                             build/stm32f4xx_adc.o
ADC_Cmd                                           build/stm32f4xx_adc.o
ADC_CommonInit                                    build/stm32f4xx_adc.o
ADC_CommonStructInit                              build/stm32f4xx_adc.o
ADC_ContinuousModeCmd                             build/stm32f4xx_adc.o
ADC_DMACmd                                        build/stm32f4xx_adc.o
ADC_DMARequestAfterLastTransferCmd                build/stm32f4xx_adc.o
ADC_DeInit                                        build/stm32f4xx_adc.o
ADC_DiscModeChannelCountConfig                    build/stm32f4xx_adc.o
ADC_DiscModeCmd                                   build/stm32f4xx_adc.o
ADC_EOCOnEachRegularChannelCmd                    build/stm32f4xx_adc.o
ADC_ExternalTrigInjectedConvConfig                build/stm32f4xx_adc.o
ADC_ExternalTrigInjectedConvEdgeConfig            build/stm32f4xx_adc.o
ADC_GetConversionValue                            build/stm32f4xx_adc.o
ADC_GetFlagStatus                                 build/stm32f4xx_adc.o
ADC_GetITStatus                                   build/stm32f4xx_adc.o
ADC_GetInjectedConversionValue                    build/stm32f4xx_adc.o
ADC_GetMultiModeConversionValue                   build/stm32f4xx_adc.o
ADC_GetSoftwareStartConvStatus                    build/stm32f4xx_adc.o
ADC_GetSoftwareStartInjectedConvCmdStatus         build/stm32f4xx_adc.o
ADC_IRQHandler                                    build/startup_stm32f407xx.o
ADC_ITConfig                                      build/stm32f4xx_adc.o
ADC_Init                                          build/stm32f4xx_adc.o
ADC_InjectedChannelConfig                         build/stm32f4xx_adc.o
ADC_InjectedDiscModeCmd                           build/stm32f4xx_adc.o
ADC_InjectedSequencerLengthConfig                 build/stm32f4xx_adc.o
ADC_MultiModeDMARequestAfterLastTransferCmd       build/stm32f4xx_adc.o
ADC_RegularChannelConfig                          build/stm32f4xx_adc.o
ADC_SetInjectedOffset                             build/stm32f4xx_adc.o
ADC_SoftwareStartConv                             build/stm32f4xx_adc.o
ADC_SoftwareStartInjectedConv                     build/stm32f4xx_adc.o
ADC_StructInit                                    build/stm32f4xx_adc.o
ADC_TempSensorVrefintCmd                          build/stm32f4xx_adc.o
ADC_VBATCmd                                       build/stm32f4xx_adc.o
AHBPrescTable                                     build/system_stm32f4xx.o
BusFault_Handler                                  build/stm32f4xx_it.o
CAN1_RX0_IRQHandler                               build/startup_stm32f407xx.o
CAN1_RX1_IRQHandler                               build/startup_stm32f407xx.o
CAN1_SCE_IRQHandler                               build/startup_stm32f407xx.o
CAN1_TX_IRQHandler                                build/startup_stm32f407xx.o
CAN2_RX0_IRQHandler                               build/startup_stm32f407xx.o
CAN2_RX1_IRQHandler                               build/startup_stm32f407xx.o
CAN2_SCE_IRQHandler                               build/startup_stm32f407xx.o
CAN2_TX_IRQHandler                                build/startup_stm32f407xx.o
CAN_CancelTransmit                                build/stm32f4xx_can.o
CAN_ClearFlag                                     build/stm32f4xx_can.o
CAN_ClearITPendingBit                             build/stm32f4xx_can.o
CAN_DBGFreeze                                     build/stm32f4xx_can.o
CAN_DeInit                                        build/stm32f4xx_can.o
CAN_FIFORelease                                   build/stm32f4xx_can.o
CAN_FilterInit                                    build/stm32f4xx_can.o
CAN_GetFlagStatus                                 build/stm32f4xx_can.o
CAN_GetITStatus                                   build/stm32f4xx_can.o
CAN_GetLSBTransmitErrorCounter                    build/stm32f4xx_can.o
CAN_GetLastErrorCode                              build/stm32f4xx_can.o
CAN_GetReceiveErrorCounter                        build/stm32f4xx_can.o
CAN_ITConfig                                      build/stm32f4xx_can.o
CAN_Init                                          build/stm32f4xx_can.o
CAN_MessagePending                                build/stm32f4xx_can.o
CAN_OperatingModeRequest                          build/stm32f4xx_can.o
CAN_Receive                                       build/stm32f4xx_can.o
CAN_SlaveStartBank                                build/stm32f4xx_can.o
CAN_Sleep                                         build/stm32f4xx_can.o
CAN_StructInit                                    build/stm32f4xx_can.o
CAN_TTComModeCmd                                  build/stm32f4xx_can.o
CAN_Transmit                                      build/stm32f4xx_can.o
CAN_TransmitStatus                                build/stm32f4xx_can.o
CAN_WakeUp                                        build/stm32f4xx_can.o
CRC_CalcBlockCRC                                  build/stm32f4xx_crc.o
CRC_CalcCRC                                       build/stm32f4xx_crc.o
CRC_GetCRC                                        build/stm32f4xx_crc.o
CRC_GetIDRegister                                 build/stm32f4xx_crc.o
CRC_ResetDR                                       build/stm32f4xx_crc.o
CRC_SetIDRegister                                 build/stm32f4xx_crc.o
CRYP_AES_CBC                                      build/stm32f4xx_cryp_aes.o
CRYP_AES_CCM                                      build/stm32f4xx_cryp_aes.o
CRYP_AES_CTR                                      build/stm32f4xx_cryp_aes.o
CRYP_AES_ECB                                      build/stm32f4xx_cryp_aes.o
CRYP_AES_GCM                                      build/stm32f4xx_cryp_aes.o
CRYP_Cmd                                          build/stm32f4xx_cryp.o
                                                  build/stm32f4xx_cryp_tdes.o
                                                  build/stm32f4xx_cryp_des.o
                                                  build/stm32f4xx_cryp_aes.o
CRYP_DES_CBC                                      build/stm32f4xx_cryp_des.o
CRYP_DES_ECB                                      build/stm32f4xx_cryp_des.o
CRYP_DMACmd                                       build/stm32f4xx_cryp.o
CRYP_DataIn                                       build/stm32f4xx_cryp.o
                                                  build/stm32f4xx_cryp_tdes.o
                                                  build/stm32f4xx_cryp_des.o
                                                  build/stm32f4xx_cryp_aes.o
CRYP_DataOut                                      build/stm32f4xx_cryp.o
                                                  build/stm32f4xx_cryp_tdes.o
                                                  build/stm32f4xx_cryp_des.o
                                                  build/stm32f4xx_cryp_aes.o
CRYP_DeInit                                       build/stm32f4xx_cryp.o
CRYP_FIFOFlush                                    build/stm32f4xx_cryp.o
                                                  build/stm32f4xx_cryp_tdes.o
                                                  build/stm32f4xx_cryp_des.o
                                                  build/stm32f4xx_cryp_aes.o
CRYP_GetCmdStatus                                 build/stm32f4xx_cryp.o
                                                  build/stm32f4xx_cryp_tdes.o
                                                  build/stm32f4xx_cryp_des.o
                                                  build/stm32f4xx_cryp_aes.o
CRYP_GetFlagStatus                                build/stm32f4xx_cryp.o
                                                  build/stm32f4xx_cryp_tdes.o
                                                  build/stm32f4xx_cryp_des.o
                                                  build/stm32f4xx_cryp_aes.o
CRYP_GetITStatus                                  build/stm32f4xx_cryp.o
CRYP_ITConfig                                     build/stm32f4xx_cryp.o
CRYP_IVInit                                       build/stm32f4xx_cryp.o
                                                  build/stm32f4xx_cryp_tdes.o
                                                  build/stm32f4xx_cryp_des.o
                                                  build/stm32f4xx_cryp_aes.o
CRYP_IVStructInit                                 build/stm32f4xx_cryp.o
CRYP_Init                                         build/stm32f4xx_cryp.o
                                                  build/stm32f4xx_cryp_tdes.o
                                                  build/stm32f4xx_cryp_des.o
                                                  build/stm32f4xx_cryp_aes.o
CRYP_KeyInit                                      build/stm32f4xx_cryp.o
                                                  build/stm32f4xx_cryp_tdes.o
                                                  build/stm32f4xx_cryp_des.o
                                                  build/stm32f4xx_cryp_aes.o
CRYP_KeyStructInit                                build/stm32f4xx_cryp.o
                                                  build/stm32f4xx_cryp_tdes.o
                                                  build/stm32f4xx_cryp_des.o
                                                  build/stm32f4xx_cryp_aes.o
CRYP_PhaseConfig                                  build/stm32f4xx_cryp.o
                                                  build/stm32f4xx_cryp_aes.o
CRYP_RestoreContext                               build/stm32f4xx_cryp.o
CRYP_SaveContext                                  build/stm32f4xx_cryp.o
CRYP_StructInit                                   build/stm32f4xx_cryp.o
CRYP_TDES_CBC                                     build/stm32f4xx_cryp_tdes.o
CRYP_TDES_ECB                                     build/stm32f4xx_cryp_tdes.o
DAC_ClearFlag                                     build/stm32f4xx_dac.o
DAC_ClearITPendingBit                             build/stm32f4xx_dac.o
DAC_Cmd                                           build/stm32f4xx_dac.o
DAC_DMACmd                                        build/stm32f4xx_dac.o
DAC_DeInit                                        build/stm32f4xx_dac.o
DAC_DualSoftwareTriggerCmd                        build/stm32f4xx_dac.o
DAC_GetDataOutputValue                            build/stm32f4xx_dac.o
DAC_GetFlagStatus                                 build/stm32f4xx_dac.o
DAC_GetITStatus                                   build/stm32f4xx_dac.o
DAC_ITConfig                                      build/stm32f4xx_dac.o
DAC_Init                                          build/stm32f4xx_dac.o
DAC_SetChannel1Data                               build/stm32f4xx_dac.o
DAC_SetChannel2Data                               build/stm32f4xx_dac.o
DAC_SetDualChannelData                            build/stm32f4xx_dac.o
DAC_SoftwareTriggerCmd                            build/stm32f4xx_dac.o
DAC_StructInit                                    build/stm32f4xx_dac.o
DAC_WaveGenerationCmd                             build/stm32f4xx_dac.o
DBGMCU_APB1PeriphConfig                           build/stm32f4xx_dbgmcu.o
DBGMCU_APB2PeriphConfig                           build/stm32f4xx_dbgmcu.o
DBGMCU_Config                                     build/stm32f4xx_dbgmcu.o
DBGMCU_GetDEVID                                   build/stm32f4xx_dbgmcu.o
DBGMCU_GetREVID                                   build/stm32f4xx_dbgmcu.o
DCMI_CROPCmd                                      build/stm32f4xx_dcmi.o
DCMI_CROPConfig                                   build/stm32f4xx_dcmi.o
DCMI_CaptureCmd                                   build/stm32f4xx_dcmi.o
DCMI_ClearFlag                                    build/stm32f4xx_dcmi.o
DCMI_ClearITPendingBit                            build/stm32f4xx_dcmi.o
DCMI_Cmd                                          build/stm32f4xx_dcmi.o
DCMI_DeInit                                       build/stm32f4xx_dcmi.o
DCMI_GetFlagStatus                                build/stm32f4xx_dcmi.o
DCMI_GetITStatus                                  build/stm32f4xx_dcmi.o
DCMI_IRQHandler                                   build/startup_stm32f407xx.o
DCMI_ITConfig                                     build/stm32f4xx_dcmi.o
DCMI_Init                                         build/stm32f4xx_dcmi.o
DCMI_JPEGCmd                                      build/stm32f4xx_dcmi.o
DCMI_ReadData                                     build/stm32f4xx_dcmi.o
DCMI_SetEmbeddedSynchroCodes                      build/stm32f4xx_dcmi.o
DCMI_StructInit                                   build/stm32f4xx_dcmi.o
DMA1_Stream0_IRQHandler                           build/startup_stm32f407xx.o
DMA1_Stream1_IRQHandler                           build/startup_stm32f407xx.o
DMA1_Stream2_IRQHandler                           build/startup_stm32f407xx.o
DMA1_Stream3_IRQHandler                           build/startup_stm32f407xx.o
DMA1_Stream4_IRQHandler                           build/startup_stm32f407xx.o
DMA1_Stream5_IRQHandler                           build/startup_stm32f407xx.o
DMA1_Stream6_IRQHandler                           build/startup_stm32f407xx.o
DMA1_Stream7_IRQHandler                           build/startup_stm32f407xx.o
DMA2D_AbortTransfer                               build/stm32f4xx_dma2d.o
DMA2D_BGConfig                                    build/stm32f4xx_dma2d.o
DMA2D_BGStart                                     build/stm32f4xx_dma2d.o
DMA2D_BG_StructInit                               build/stm32f4xx_dma2d.o
DMA2D_ClearFlag                                   build/stm32f4xx_dma2d.o
DMA2D_ClearITPendingBit                           build/stm32f4xx_dma2d.o
DMA2D_DeInit                                      build/stm32f4xx_dma2d.o
DMA2D_DeadTimeConfig                              build/stm32f4xx_dma2d.o
DMA2D_FGConfig                                    build/stm32f4xx_dma2d.o
DMA2D_FGStart                                     build/stm32f4xx_dma2d.o
DMA2D_FG_StructInit                               build/stm32f4xx_dma2d.o
DMA2D_GetFlagStatus                               build/stm32f4xx_dma2d.o
DMA2D_GetITStatus                                 build/stm32f4xx_dma2d.o
DMA2D_ITConfig                                    build/stm32f4xx_dma2d.o
DMA2D_Init                                        build/stm32f4xx_dma2d.o
DMA2D_LineWatermarkConfig                         build/stm32f4xx_dma2d.o
DMA2D_StartTransfer                               build/stm32f4xx_dma2d.o
DMA2D_StructInit                                  build/stm32f4xx_dma2d.o
DMA2D_Suspend                                     build/stm32f4xx_dma2d.o
DMA2_Stream0_IRQHandler                           build/startup_stm32f407xx.o
DMA2_Stream1_IRQHandler                           build/startup_stm32f407xx.o
DMA2_Stream2_IRQHandler                           build/startup_stm32f407xx.o
DMA2_Stream3_IRQHandler                           build/startup_stm32f407xx.o
DMA2_Stream4_IRQHandler                           build/startup_stm32f407xx.o
DMA2_Stream5_IRQHandler                           build/startup_stm32f407xx.o
DMA2_Stream6_IRQHandler                           build/startup_stm32f407xx.o
DMA2_Stream7_IRQHandler                           build/startup_stm32f407xx.o
DebugMon_Handler                                  build/stm32f4xx_it.o
Default_Handler                                   build/startup_stm32f407xx.o
ETH_IRQHandler                                    build/startup_stm32f407xx.o
ETH_WKUP_IRQHandler                               build/startup_stm32f407xx.o
EXTI0_IRQHandler                                  build/startup_stm32f407xx.o
EXTI15_10_IRQHandler                              build/startup_stm32f407xx.o
EXTI1_IRQHandler                                  build/startup_stm32f407xx.o
EXTI2_IRQHandler                                  build/startup_stm32f407xx.o
EXTI3_IRQHandler                                  build/startup_stm32f407xx.o
EXTI4_IRQHandler                                  build/startup_stm32f407xx.o
EXTI9_5_IRQHandler                                build/startup_stm32f407xx.o
EXTI_ClearFlag                                    build/stm32f4xx_exti.o
EXTI_ClearITPendingBit                            build/stm32f4xx_exti.o
EXTI_DeInit                                       build/stm32f4xx_exti.o
EXTI_GenerateSWInterrupt                          build/stm32f4xx_exti.o
EXTI_GetFlagStatus                                build/stm32f4xx_exti.o
EXTI_GetITStatus                                  build/stm32f4xx_exti.o
EXTI_Init                                         build/stm32f4xx_exti.o
EXTI_StructInit                                   build/stm32f4xx_exti.o
FLASH_ClearFlag                                   build/stm32f4xx_flash.o
FLASH_DataCacheCmd                                build/stm32f4xx_flash.o
FLASH_DataCacheReset                              build/stm32f4xx_flash.o
FLASH_EraseAllBank1Sectors                        build/stm32f4xx_flash.o
FLASH_EraseAllBank2Sectors                        build/stm32f4xx_flash.o
FLASH_EraseAllSectors                             build/stm32f4xx_flash.o
FLASH_EraseSector                                 build/stm32f4xx_flash.o
FLASH_FlashInterfaceCmd                           build/stm32f4xx_flash_ramfunc.o
FLASH_FlashSleepModeCmd                           build/stm32f4xx_flash_ramfunc.o
FLASH_GetFlagStatus                               build/stm32f4xx_flash.o
FLASH_GetStatus                                   build/stm32f4xx_flash.o
FLASH_IRQHandler                                  build/startup_stm32f407xx.o
FLASH_ITConfig                                    build/stm32f4xx_flash.o
FLASH_InstructionCacheCmd                         build/stm32f4xx_flash.o
FLASH_InstructionCacheReset                       build/stm32f4xx_flash.o
FLASH_Lock                                        build/stm32f4xx_flash.o
FLASH_OB_BORConfig                                build/stm32f4xx_flash.o
FLASH_OB_BootConfig                               build/stm32f4xx_flash.o
FLASH_OB_GetBOR                                   build/stm32f4xx_flash.o
FLASH_OB_GetPCROP                                 build/stm32f4xx_flash.o
FLASH_OB_GetPCROP1                                build/stm32f4xx_flash.o
FLASH_OB_GetRDP                                   build/stm32f4xx_flash.o
FLASH_OB_GetUser                                  build/stm32f4xx_flash.o
FLASH_OB_GetWRP                                   build/stm32f4xx_flash.o
FLASH_OB_GetWRP1                                  build/stm32f4xx_flash.o
FLASH_OB_Launch                                   build/stm32f4xx_flash.o
FLASH_OB_Lock                                     build/stm32f4xx_flash.o
FLASH_OB_PCROP1Config                             build/stm32f4xx_flash.o
FLASH_OB_PCROPConfig                              build/stm32f4xx_flash.o
FLASH_OB_PCROPSelectionConfig                     build/stm32f4xx_flash.o
FLASH_OB_RDPConfig                                build/stm32f4xx_flash.o
FLASH_OB_Unlock                                   build/stm32f4xx_flash.o
FLASH_OB_UserConfig                               build/stm32f4xx_flash.o
FLASH_OB_WRP1Config                               build/stm32f4xx_flash.o
FLASH_OB_WRPConfig                                build/stm32f4xx_flash.o
FLASH_PrefetchBufferCmd                           build/stm32f4xx_flash.o
FLASH_ProgramByte                                 build/stm32f4xx_flash.o
FLASH_ProgramDoubleWord                           build/stm32f4xx_flash.o
FLASH_ProgramHalfWord                             build/stm32f4xx_flash.o
FLASH_ProgramWord                                 build/stm32f4xx_flash.o
FLASH_SetLatency                                  build/stm32f4xx_flash.o
FLASH_Unlock                                      build/stm32f4xx_flash.o
FLASH_WaitForLastOperation                        build/stm32f4xx_flash.o
FPU_IRQHandler                                    build/startup_stm32f407xx.o
FSMC_IRQHandler                                   build/startup_stm32f407xx.o
GPIO_DeInit                                       build/stm32f4xx_gpio.o
GPIO_Init                                         build/stm32f4xx_gpio.o
                                                  build/main.o
GPIO_PinAFConfig                                  build/stm32f4xx_gpio.o
GPIO_PinLockConfig                                build/stm32f4xx_gpio.o
GPIO_ReadInputData                                build/stm32f4xx_gpio.o
GPIO_ReadInputDataBit                             build/stm32f4xx_gpio.o
GPIO_ReadOutputData                               build/stm32f4xx_gpio.o
GPIO_ReadOutputDataBit                            build/stm32f4xx_gpio.o
GPIO_ResetBits                                    build/stm32f4xx_gpio.o
GPIO_SetBits                                      build/stm32f4xx_gpio.o
GPIO_StructInit                                   build/stm32f4xx_gpio.o
GPIO_ToggleBits                                   build/stm32f4xx_gpio.o
GPIO_Write                                        build/stm32f4xx_gpio.o
GPIO_WriteBit                                     build/stm32f4xx_gpio.o
HASH_AutoStartDigest                              build/stm32f4xx_hash.o
HASH_ClearFlag                                    build/stm32f4xx_hash.o
HASH_ClearITPendingBit                            build/stm32f4xx_hash.o
HASH_DMACmd                                       build/stm32f4xx_hash.o
HASH_DataIn                                       build/stm32f4xx_hash.o
                                                  build/stm32f4xx_hash_sha1.o
                                                  build/stm32f4xx_hash_md5.o
HASH_DeInit                                       build/stm32f4xx_hash.o
                                                  build/stm32f4xx_hash_sha1.o
                                                  build/stm32f4xx_hash_md5.o
HASH_GetDigest                                    build/stm32f4xx_hash.o
                                                  build/stm32f4xx_hash_sha1.o
                                                  build/stm32f4xx_hash_md5.o
HASH_GetFlagStatus                                build/stm32f4xx_hash.o
                                                  build/stm32f4xx_hash_sha1.o
                                                  build/stm32f4xx_hash_md5.o
HASH_GetITStatus                                  build/stm32f4xx_hash.o
HASH_GetInFIFOWordsNbr                            build/stm32f4xx_hash.o
HASH_ITConfig                                     build/stm32f4xx_hash.o
HASH_Init                                         build/stm32f4xx_hash.o
                                                  build/stm32f4xx_hash_sha1.o
                                                  build/stm32f4xx_hash_md5.o
HASH_MD5                                          build/stm32f4xx_hash_md5.o
HASH_RNG_IRQHandler                               build/startup_stm32f407xx.o
HASH_Reset                                        build/stm32f4xx_hash.o
HASH_RestoreContext                               build/stm32f4xx_hash.o
HASH_SHA1                                         build/stm32f4xx_hash_sha1.o
HASH_SaveContext                                  build/stm32f4xx_hash.o
HASH_SetLastWordValidBitsNbr                      build/stm32f4xx_hash.o
                                                  build/stm32f4xx_hash_sha1.o
                                                  build/stm32f4xx_hash_md5.o
HASH_StartDigest                                  build/stm32f4xx_hash.o
                                                  build/stm32f4xx_hash_sha1.o
                                                  build/stm32f4xx_hash_md5.o
HASH_StructInit                                   build/stm32f4xx_hash.o
HMAC_MD5                                          build/stm32f4xx_hash_md5.o
HMAC_SHA1                                         build/stm32f4xx_hash_sha1.o
HardFault_Handler                                 build/stm32f4xx_it.o
I2C1_ER_IRQHandler                                build/startup_stm32f407xx.o
I2C1_EV_IRQHandler                                build/startup_stm32f407xx.o
I2C2_ER_IRQHandler                                build/startup_stm32f407xx.o
I2C2_EV_IRQHandler                                build/startup_stm32f407xx.o
I2C3_ER_IRQHandler                                build/startup_stm32f407xx.o
I2C3_EV_IRQHandler                                build/startup_stm32f407xx.o
I2C_ARPCmd                                        build/stm32f4xx_i2c.o
I2C_AcknowledgeConfig                             build/stm32f4xx_i2c.o
I2C_AnalogFilterCmd                               build/stm32f4xx_i2c.o
I2C_CalculatePEC                                  build/stm32f4xx_i2c.o
I2C_CheckEvent                                    build/stm32f4xx_i2c.o
I2C_ClearFlag                                     build/stm32f4xx_i2c.o
I2C_ClearITPendingBit                             build/stm32f4xx_i2c.o
I2C_Cmd                                           build/stm32f4xx_i2c.o
I2C_DMACmd                                        build/stm32f4xx_i2c.o
I2C_DMALastTransferCmd                            build/stm32f4xx_i2c.o
I2C_DeInit                                        build/stm32f4xx_i2c.o
I2C_DigitalFilterConfig                           build/stm32f4xx_i2c.o
I2C_DualAddressCmd                                build/stm32f4xx_i2c.o
I2C_FastModeDutyCycleConfig                       build/stm32f4xx_i2c.o
I2C_GeneralCallCmd                                build/stm32f4xx_i2c.o
I2C_GenerateSTART                                 build/stm32f4xx_i2c.o
I2C_GenerateSTOP                                  build/stm32f4xx_i2c.o
I2C_GetFlagStatus                                 build/stm32f4xx_i2c.o
I2C_GetITStatus                                   build/stm32f4xx_i2c.o
I2C_GetLastEvent                                  build/stm32f4xx_i2c.o
I2C_GetPEC                                        build/stm32f4xx_i2c.o
I2C_ITConfig                                      build/stm32f4xx_i2c.o
I2C_Init                                          build/stm32f4xx_i2c.o
I2C_NACKPositionConfig                            build/stm32f4xx_i2c.o
I2C_OwnAddress2Config                             build/stm32f4xx_i2c.o
I2C_PECPositionConfig                             build/stm32f4xx_i2c.o
I2C_ReadRegister                                  build/stm32f4xx_i2c.o
I2C_ReceiveData                                   build/stm32f4xx_i2c.o
I2C_SMBusAlertConfig                              build/stm32f4xx_i2c.o
I2C_Send7bitAddress                               build/stm32f4xx_i2c.o
I2C_SendData                                      build/stm32f4xx_i2c.o
I2C_SoftwareResetCmd                              build/stm32f4xx_i2c.o
I2C_StretchClockCmd                               build/stm32f4xx_i2c.o
I2C_StructInit                                    build/stm32f4xx_i2c.o
I2C_TransmitPEC                                   build/stm32f4xx_i2c.o
I2S_Cmd                                           build/stm32f4xx_spi.o
I2S_FullDuplexConfig                              build/stm32f4xx_spi.o
I2S_Init                                          build/stm32f4xx_spi.o
I2S_StructInit                                    build/stm32f4xx_spi.o
IWDG_Enable                                       build/stm32f4xx_iwdg.o
IWDG_GetFlagStatus                                build/stm32f4xx_iwdg.o
IWDG_ReloadCounter                                build/stm32f4xx_iwdg.o
IWDG_SetPrescaler                                 build/stm32f4xx_iwdg.o
IWDG_SetReload                                    build/stm32f4xx_iwdg.o
IWDG_WriteAccessCmd                               build/stm32f4xx_iwdg.o
LTDC_CLUTCmd                                      build/stm32f4xx_ltdc.o
LTDC_CLUTInit                                     build/stm32f4xx_ltdc.o
LTDC_CLUTStructInit                               build/stm32f4xx_ltdc.o
LTDC_ClearFlag                                    build/stm32f4xx_ltdc.o
LTDC_ClearITPendingBit                            build/stm32f4xx_ltdc.o
LTDC_Cmd                                          build/stm32f4xx_ltdc.o
LTDC_ColorKeyingConfig                            build/stm32f4xx_ltdc.o
LTDC_ColorKeyingStructInit                        build/stm32f4xx_ltdc.o
LTDC_DeInit                                       build/stm32f4xx_ltdc.o
LTDC_DitherCmd                                    build/stm32f4xx_ltdc.o
LTDC_GetCDStatus                                  build/stm32f4xx_ltdc.o
LTDC_GetFlagStatus                                build/stm32f4xx_ltdc.o
LTDC_GetITStatus                                  build/stm32f4xx_ltdc.o
LTDC_GetPosStatus                                 build/stm32f4xx_ltdc.o
LTDC_GetRGBWidth                                  build/stm32f4xx_ltdc.o
LTDC_ITConfig                                     build/stm32f4xx_ltdc.o
LTDC_Init                                         build/stm32f4xx_ltdc.o
LTDC_LIPConfig                                    build/stm32f4xx_ltdc.o
LTDC_LayerAddress                                 build/stm32f4xx_ltdc.o
LTDC_LayerAlpha                                   build/stm32f4xx_ltdc.o
LTDC_LayerCmd                                     build/stm32f4xx_ltdc.o
LTDC_LayerInit                                    build/stm32f4xx_ltdc.o
LTDC_LayerPixelFormat                             build/stm32f4xx_ltdc.o
LTDC_LayerPosition                                build/stm32f4xx_ltdc.o
LTDC_LayerSize                                    build/stm32f4xx_ltdc.o
LTDC_LayerStructInit                              build/stm32f4xx_ltdc.o
LTDC_PosStructInit                                build/stm32f4xx_ltdc.o
LTDC_RGBStructInit                                build/stm32f4xx_ltdc.o
LTDC_ReloadConfig                                 build/stm32f4xx_ltdc.o
LTDC_StructInit                                   build/stm32f4xx_ltdc.o
MemManage_Handler                                 build/stm32f4xx_it.o
NMI_Handler                                       build/stm32f4xx_it.o
OTG_FS_IRQHandler                                 build/startup_stm32f407xx.o
OTG_FS_WKUP_IRQHandler                            build/startup_stm32f407xx.o
OTG_HS_EP1_IN_IRQHandler                          build/startup_stm32f407xx.o
OTG_HS_EP1_OUT_IRQHandler                         build/startup_stm32f407xx.o
OTG_HS_IRQHandler                                 build/startup_stm32f407xx.o
OTG_HS_WKUP_IRQHandler                            build/startup_stm32f407xx.o
PVD_IRQHandler                                    build/startup_stm32f407xx.o
PWR_BackupAccessCmd                               build/stm32f4xx_pwr.o
PWR_BackupRegulatorCmd                            build/stm32f4xx_pwr.o
PWR_ClearFlag                                     build/stm32f4xx_pwr.o
PWR_DeInit                                        build/stm32f4xx_pwr.o
PWR_EnterSTANDBYMode                              build/stm32f4xx_pwr.o
PWR_EnterSTOPMode                                 build/stm32f4xx_pwr.o
PWR_EnterUnderDriveSTOPMode                       build/stm32f4xx_pwr.o
PWR_FlashPowerDownCmd                             build/stm32f4xx_pwr.o
PWR_GetFlagStatus                                 build/stm32f4xx_pwr.o
PWR_MainRegulatorModeConfig                       build/stm32f4xx_pwr.o
PWR_OverDriveCmd                                  build/stm32f4xx_pwr.o
PWR_OverDriveSWCmd                                build/stm32f4xx_pwr.o
PWR_PVDCmd                                        build/stm32f4xx_pwr.o
PWR_PVDLevelConfig                                build/stm32f4xx_pwr.o
PWR_UnderDriveCmd                                 build/stm32f4xx_pwr.o
PWR_WakeUpPinCmd                                  build/stm32f4xx_pwr.o
PendSV_Handler                                    build/stm32f4xx_it.o
RCC_AHB1PeriphClockCmd                            build/stm32f4xx_rcc.o
                                                  build/main.o
RCC_AHB1PeriphClockLPModeCmd                      build/stm32f4xx_rcc.o
RCC_AHB1PeriphResetCmd                            build/stm32f4xx_rcc.o
                                                  build/stm32f4xx_gpio.o
                                                  build/stm32f4xx_dma2d.o
RCC_AHB2PeriphClockCmd                            build/stm32f4xx_rcc.o
RCC_AHB2PeriphClockLPModeCmd                      build/stm32f4xx_rcc.o
RCC_AHB2PeriphResetCmd                            build/stm32f4xx_rcc.o
                                                  build/stm32f4xx_rng.o
                                                  build/stm32f4xx_hash.o
                                                  build/stm32f4xx_cryp.o
RCC_AHB3PeriphClockCmd                            build/stm32f4xx_rcc.o
RCC_AHB3PeriphClockLPModeCmd                      build/stm32f4xx_rcc.o
RCC_AHB3PeriphResetCmd                            build/stm32f4xx_rcc.o
RCC_APB1PeriphClockCmd                            build/stm32f4xx_rcc.o
RCC_APB1PeriphClockLPModeCmd                      build/stm32f4xx_rcc.o
RCC_APB1PeriphResetCmd                            build/stm32f4xx_rcc.o
                                                  build/stm32f4xx_wwdg.o
                                                  build/stm32f4xx_usart.o
                                                  build/stm32f4xx_tim.o
                                                  build/stm32f4xx_spi.o
                                                  build/stm32f4xx_pwr.o
                                                  build/stm32f4xx_i2c.o
                                                  build/stm32f4xx_dac.o
                                                  build/stm32f4xx_can.o
RCC_APB2PeriphClockCmd                            build/stm32f4xx_rcc.o
RCC_APB2PeriphClockLPModeCmd                      build/stm32f4xx_rcc.o
RCC_APB2PeriphResetCmd                            build/stm32f4xx_rcc.o
                                                  build/stm32f4xx_usart.o
                                                  build/stm32f4xx_tim.o
                                                  build/stm32f4xx_syscfg.o
                                                  build/stm32f4xx_spi.o
                                                  build/stm32f4xx_sdio.o
                                                  build/stm32f4xx_sai.o
                                                  build/stm32f4xx_ltdc.o
                                                  build/stm32f4xx_adc.o
RCC_AdjustHSICalibrationValue                     build/stm32f4xx_rcc.o
RCC_BackupResetCmd                                build/stm32f4xx_rcc.o
RCC_ClearFlag                                     build/stm32f4xx_rcc.o
RCC_ClearITPendingBit                             build/stm32f4xx_rcc.o
RCC_ClockSecuritySystemCmd                        build/stm32f4xx_rcc.o
RCC_Clocks                                        build/main.o
RCC_DeInit                                        build/stm32f4xx_rcc.o
RCC_GetClocksFreq                                 build/stm32f4xx_rcc.o
                                                  build/stm32f4xx_usart.o
                                                  build/stm32f4xx_i2c.o
                                                  build/main.o
RCC_GetFlagStatus                                 build/stm32f4xx_rcc.o
RCC_GetITStatus                                   build/stm32f4xx_rcc.o
RCC_GetSYSCLKSource                               build/stm32f4xx_rcc.o
RCC_HCLKConfig                                    build/stm32f4xx_rcc.o
RCC_HSEConfig                                     build/stm32f4xx_rcc.o
RCC_HSICmd                                        build/stm32f4xx_rcc.o
RCC_I2SCLKConfig                                  build/stm32f4xx_rcc.o
RCC_IRQHandler                                    build/startup_stm32f407xx.o
RCC_ITConfig                                      build/stm32f4xx_rcc.o
RCC_LSEConfig                                     build/stm32f4xx_rcc.o
RCC_LSEModeConfig                                 build/stm32f4xx_rcc.o
RCC_LSICmd                                        build/stm32f4xx_rcc.o
RCC_LTDCCLKDivConfig                              build/stm32f4xx_rcc.o
RCC_MCO1Config                                    build/stm32f4xx_rcc.o
                                                  build/main.o
RCC_MCO2Config                                    build/stm32f4xx_rcc.o
                                                  build/main.o
RCC_PCLK1Config                                   build/stm32f4xx_rcc.o
RCC_PCLK2Config                                   build/stm32f4xx_rcc.o
RCC_PLLCmd                                        build/stm32f4xx_rcc.o
RCC_PLLConfig                                     build/stm32f4xx_rcc.o
RCC_PLLI2SCmd                                     build/stm32f4xx_rcc.o
RCC_PLLI2SConfig                                  build/stm32f4xx_rcc.o
RCC_PLLSAICmd                                     build/stm32f4xx_rcc.o
RCC_PLLSAIConfig                                  build/stm32f4xx_rcc.o
RCC_RTCCLKCmd                                     build/stm32f4xx_rcc.o
RCC_RTCCLKConfig                                  build/stm32f4xx_rcc.o
RCC_SAIBlockACLKConfig                            build/stm32f4xx_rcc.o
RCC_SAIBlockBCLKConfig                            build/stm32f4xx_rcc.o
RCC_SAIPLLI2SClkDivConfig                         build/stm32f4xx_rcc.o
RCC_SAIPLLSAIClkDivConfig                         build/stm32f4xx_rcc.o
RCC_SYSCLKConfig                                  build/stm32f4xx_rcc.o
RCC_TIMCLKPresConfig                              build/stm32f4xx_rcc.o
RCC_WaitForHSEStartUp                             build/stm32f4xx_rcc.o
RNG_ClearFlag                                     build/stm32f4xx_rng.o
RNG_ClearITPendingBit                             build/stm32f4xx_rng.o
RNG_Cmd                                           build/stm32f4xx_rng.o
RNG_DeInit                                        build/stm32f4xx_rng.o
RNG_GetFlagStatus                                 build/stm32f4xx_rng.o
RNG_GetITStatus                                   build/stm32f4xx_rng.o
RNG_GetRandomNumber                               build/stm32f4xx_rng.o
RNG_ITConfig                                      build/stm32f4xx_rng.o
RTC_AlarmCmd                                      build/stm32f4xx_rtc.o
RTC_AlarmStructInit                               build/stm32f4xx_rtc.o
RTC_AlarmSubSecondConfig                          build/stm32f4xx_rtc.o
RTC_Alarm_IRQHandler                              build/startup_stm32f407xx.o
RTC_BypassShadowCmd                               build/stm32f4xx_rtc.o
RTC_CalibOutputCmd                                build/stm32f4xx_rtc.o
RTC_CalibOutputConfig                             build/stm32f4xx_rtc.o
RTC_ClearFlag                                     build/stm32f4xx_rtc.o
RTC_ClearITPendingBit                             build/stm32f4xx_rtc.o
RTC_CoarseCalibCmd                                build/stm32f4xx_rtc.o
RTC_CoarseCalibConfig                             build/stm32f4xx_rtc.o
RTC_DateStructInit                                build/stm32f4xx_rtc.o
RTC_DayLightSavingConfig                          build/stm32f4xx_rtc.o
RTC_DeInit                                        build/stm32f4xx_rtc.o
RTC_EnterInitMode                                 build/stm32f4xx_rtc.o
RTC_ExitInitMode                                  build/stm32f4xx_rtc.o
RTC_GetAlarm                                      build/stm32f4xx_rtc.o
RTC_GetAlarmSubSecond                             build/stm32f4xx_rtc.o
RTC_GetDate                                       build/stm32f4xx_rtc.o
RTC_GetFlagStatus                                 build/stm32f4xx_rtc.o
RTC_GetITStatus                                   build/stm32f4xx_rtc.o
RTC_GetStoreOperation                             build/stm32f4xx_rtc.o
RTC_GetSubSecond                                  build/stm32f4xx_rtc.o
RTC_GetTime                                       build/stm32f4xx_rtc.o
RTC_GetTimeStamp                                  build/stm32f4xx_rtc.o
RTC_GetTimeStampSubSecond                         build/stm32f4xx_rtc.o
RTC_GetWakeUpCounter                              build/stm32f4xx_rtc.o
RTC_ITConfig                                      build/stm32f4xx_rtc.o
RTC_Init                                          build/stm32f4xx_rtc.o
RTC_OutputConfig                                  build/stm32f4xx_rtc.o
RTC_OutputTypeConfig                              build/stm32f4xx_rtc.o
RTC_ReadBackupRegister                            build/stm32f4xx_rtc.o
RTC_RefClockCmd                                   build/stm32f4xx_rtc.o
RTC_SetAlarm                                      build/stm32f4xx_rtc.o
RTC_SetDate                                       build/stm32f4xx_rtc.o
RTC_SetTime                                       build/stm32f4xx_rtc.o
RTC_SetWakeUpCounter                              build/stm32f4xx_rtc.o
RTC_SmoothCalibConfig                             build/stm32f4xx_rtc.o
RTC_StructInit                                    build/stm32f4xx_rtc.o
RTC_SynchroShiftConfig                            build/stm32f4xx_rtc.o
RTC_TamperCmd                                     build/stm32f4xx_rtc.o
RTC_TamperFilterConfig                            build/stm32f4xx_rtc.o
RTC_TamperPinSelection                            build/stm32f4xx_rtc.o
RTC_TamperPinsPrechargeDuration                   build/stm32f4xx_rtc.o
RTC_TamperPullUpCmd                               build/stm32f4xx_rtc.o
RTC_TamperSamplingFreqConfig                      build/stm32f4xx_rtc.o
RTC_TamperTriggerConfig                           build/stm32f4xx_rtc.o
RTC_TimeStampCmd                                  build/stm32f4xx_rtc.o
RTC_TimeStampOnTamperDetectionCmd                 build/stm32f4xx_rtc.o
RTC_TimeStampPinSelection                         build/stm32f4xx_rtc.o
RTC_TimeStructInit                                build/stm32f4xx_rtc.o
RTC_WKUP_IRQHandler                               build/startup_stm32f407xx.o
RTC_WaitForSynchro                                build/stm32f4xx_rtc.o
RTC_WakeUpClockConfig                             build/stm32f4xx_rtc.o
RTC_WakeUpCmd                                     build/stm32f4xx_rtc.o
RTC_WriteBackupRegister                           build/stm32f4xx_rtc.o
RTC_WriteProtectionCmd                            build/stm32f4xx_rtc.o
Reset_Handler                                     build/startup_stm32f407xx.o
SAI_ClearFlag                                     build/stm32f4xx_sai.o
SAI_ClearITPendingBit                             build/stm32f4xx_sai.o
SAI_Cmd                                           build/stm32f4xx_sai.o
SAI_CompandingModeConfig                          build/stm32f4xx_sai.o
SAI_DMACmd                                        build/stm32f4xx_sai.o
SAI_DeInit                                        build/stm32f4xx_sai.o
SAI_FlushFIFO                                     build/stm32f4xx_sai.o
SAI_FrameInit                                     build/stm32f4xx_sai.o
SAI_FrameStructInit                               build/stm32f4xx_sai.o
SAI_GetCmdStatus                                  build/stm32f4xx_sai.o
SAI_GetFIFOStatus                                 build/stm32f4xx_sai.o
SAI_GetFlagStatus                                 build/stm32f4xx_sai.o
SAI_GetITStatus                                   build/stm32f4xx_sai.o
SAI_ITConfig                                      build/stm32f4xx_sai.o
SAI_Init                                          build/stm32f4xx_sai.o
SAI_MonoModeConfig                                build/stm32f4xx_sai.o
SAI_MuteFrameCounterConfig                        build/stm32f4xx_sai.o
SAI_MuteModeCmd                                   build/stm32f4xx_sai.o
SAI_MuteValueConfig                               build/stm32f4xx_sai.o
SAI_ReceiveData                                   build/stm32f4xx_sai.o
SAI_SendData                                      build/stm32f4xx_sai.o
SAI_SlotInit                                      build/stm32f4xx_sai.o
SAI_SlotStructInit                                build/stm32f4xx_sai.o
SAI_StructInit                                    build/stm32f4xx_sai.o
SAI_TRIStateConfig                                build/stm32f4xx_sai.o
SDIO_CEATAITCmd                                   build/stm32f4xx_sdio.o
SDIO_ClearFlag                                    build/stm32f4xx_sdio.o
SDIO_ClearITPendingBit                            build/stm32f4xx_sdio.o
SDIO_ClockCmd                                     build/stm32f4xx_sdio.o
SDIO_CmdStructInit                                build/stm32f4xx_sdio.o
SDIO_CommandCompletionCmd                         build/stm32f4xx_sdio.o
SDIO_DMACmd                                       build/stm32f4xx_sdio.o
SDIO_DataConfig                                   build/stm32f4xx_sdio.o
SDIO_DataStructInit                               build/stm32f4xx_sdio.o
SDIO_DeInit                                       build/stm32f4xx_sdio.o
SDIO_GetCommandResponse                           build/stm32f4xx_sdio.o
SDIO_GetDataCounter                               build/stm32f4xx_sdio.o
SDIO_GetFIFOCount                                 build/stm32f4xx_sdio.o
SDIO_GetFlagStatus                                build/stm32f4xx_sdio.o
SDIO_GetITStatus                                  build/stm32f4xx_sdio.o
SDIO_GetPowerState                                build/stm32f4xx_sdio.o
SDIO_GetResponse                                  build/stm32f4xx_sdio.o
SDIO_IRQHandler                                   build/startup_stm32f407xx.o
SDIO_ITConfig                                     build/stm32f4xx_sdio.o
SDIO_Init                                         build/stm32f4xx_sdio.o
SDIO_ReadData                                     build/stm32f4xx_sdio.o
SDIO_SendCEATACmd                                 build/stm32f4xx_sdio.o
SDIO_SendCommand                                  build/stm32f4xx_sdio.o
SDIO_SendSDIOSuspendCmd                           build/stm32f4xx_sdio.o
SDIO_SetPowerState                                build/stm32f4xx_sdio.o
SDIO_SetSDIOOperation                             build/stm32f4xx_sdio.o
SDIO_SetSDIOReadWaitMode                          build/stm32f4xx_sdio.o
SDIO_StartSDIOReadWait                            build/stm32f4xx_sdio.o
SDIO_StopSDIOReadWait                             build/stm32f4xx_sdio.o
SDIO_StructInit                                   build/stm32f4xx_sdio.o
SDIO_WriteData                                    build/stm32f4xx_sdio.o
SPI1_IRQHandler                                   build/startup_stm32f407xx.o
SPI2_IRQHandler                                   build/startup_stm32f407xx.o
SPI3_IRQHandler                                   build/startup_stm32f407xx.o
SPI_BiDirectionalLineConfig                       build/stm32f4xx_spi.o
SPI_CalculateCRC                                  build/stm32f4xx_spi.o
SPI_Cmd                                           build/stm32f4xx_spi.o
SPI_DataSizeConfig                                build/stm32f4xx_spi.o
SPI_GetCRC                                        build/stm32f4xx_spi.o
SPI_GetCRCPolynomial                              build/stm32f4xx_spi.o
SPI_I2S_ClearFlag                                 build/stm32f4xx_spi.o
SPI_I2S_ClearITPendingBit                         build/stm32f4xx_spi.o
SPI_I2S_DMACmd                                    build/stm32f4xx_spi.o
SPI_I2S_DeInit                                    build/stm32f4xx_spi.o
SPI_I2S_GetFlagStatus                             build/stm32f4xx_spi.o
SPI_I2S_GetITStatus                               build/stm32f4xx_spi.o
SPI_I2S_ITConfig                                  build/stm32f4xx_spi.o
SPI_I2S_ReceiveData                               build/stm32f4xx_spi.o
SPI_I2S_SendData                                  build/stm32f4xx_spi.o
SPI_Init                                          build/stm32f4xx_spi.o
SPI_NSSInternalSoftwareConfig                     build/stm32f4xx_spi.o
SPI_SSOutputCmd                                   build/stm32f4xx_spi.o
SPI_StructInit                                    build/stm32f4xx_spi.o
SPI_TIModeCmd                                     build/stm32f4xx_spi.o
SPI_TransmitCRC                                   build/stm32f4xx_spi.o
SVC_Handler                                       build/stm32f4xx_it.o
SYSCFG_CompensationCellCmd                        build/stm32f4xx_syscfg.o
SYSCFG_DeInit                                     build/stm32f4xx_syscfg.o
SYSCFG_ETH_MediaInterfaceConfig                   build/stm32f4xx_syscfg.o
SYSCFG_EXTILineConfig                             build/stm32f4xx_syscfg.o
SYSCFG_GetCompensationCellStatus                  build/stm32f4xx_syscfg.o
SYSCFG_MemoryRemapConfig                          build/stm32f4xx_syscfg.o
SYSCFG_MemorySwappingBank                         build/stm32f4xx_syscfg.o
SysTick_Handler                                   build/stm32f4xx_it.o
SystemCoreClock                                   build/system_stm32f4xx.o
SystemCoreClockUpdate                             build/system_stm32f4xx.o
SystemInit                                        build/system_stm32f4xx.o
                                                  build/startup_stm32f407xx.o
TAMP_STAMP_IRQHandler                             build/startup_stm32f407xx.o
TIM1_BRK_TIM9_IRQHandler                          build/startup_stm32f407xx.o
TIM1_CC_IRQHandler                                build/startup_stm32f407xx.o
TIM1_TRG_COM_TIM11_IRQHandler                     build/startup_stm32f407xx.o
TIM1_UP_TIM10_IRQHandler                          build/startup_stm32f407xx.o
TIM2_IRQHandler                                   build/startup_stm32f407xx.o
TIM3_IRQHandler                                   build/startup_stm32f407xx.o
TIM4_IRQHandler                                   build/startup_stm32f407xx.o
TIM5_IRQHandler                                   build/startup_stm32f407xx.o
TIM6_DAC_IRQHandler                               build/startup_stm32f407xx.o
TIM7_IRQHandler                                   build/startup_stm32f407xx.o
TIM8_BRK_TIM12_IRQHandler                         build/startup_stm32f407xx.o
TIM8_CC_IRQHandler                                build/startup_stm32f407xx.o
TIM8_TRG_COM_TIM14_IRQHandler                     build/startup_stm32f407xx.o
TIM8_UP_TIM13_IRQHandler                          build/startup_stm32f407xx.o
TIM_ARRPreloadConfig                              build/stm32f4xx_tim.o
TIM_BDTRConfig                                    build/stm32f4xx_tim.o
TIM_BDTRStructInit                                build/stm32f4xx_tim.o
TIM_CCPreloadControl                              build/stm32f4xx_tim.o
TIM_CCxCmd                                        build/stm32f4xx_tim.o
TIM_CCxNCmd                                       build/stm32f4xx_tim.o
TIM_ClearFlag                                     build/stm32f4xx_tim.o
TIM_ClearITPendingBit                             build/stm32f4xx_tim.o
TIM_ClearOC1Ref                                   build/stm32f4xx_tim.o
TIM_ClearOC2Ref                                   build/stm32f4xx_tim.o
TIM_ClearOC3Ref                                   build/stm32f4xx_tim.o
TIM_ClearOC4Ref                                   build/stm32f4xx_tim.o
TIM_Cmd                                           build/stm32f4xx_tim.o
TIM_CounterModeConfig                             build/stm32f4xx_tim.o
TIM_CtrlPWMOutputs                                build/stm32f4xx_tim.o
TIM_DMACmd                                        build/stm32f4xx_tim.o
TIM_DMAConfig                                     build/stm32f4xx_tim.o
TIM_DeInit                                        build/stm32f4xx_tim.o
TIM_ETRClockMode1Config                           build/stm32f4xx_tim.o
TIM_ETRClockMode2Config                           build/stm32f4xx_tim.o
TIM_ETRConfig                                     build/stm32f4xx_tim.o
TIM_EncoderInterfaceConfig                        build/stm32f4xx_tim.o
TIM_ForcedOC1Config                               build/stm32f4xx_tim.o
TIM_ForcedOC2Config                               build/stm32f4xx_tim.o
TIM_ForcedOC3Config                               build/stm32f4xx_tim.o
TIM_ForcedOC4Config                               build/stm32f4xx_tim.o
TIM_GenerateEvent                                 build/stm32f4xx_tim.o
TIM_GetCapture1                                   build/stm32f4xx_tim.o
TIM_GetCapture2                                   build/stm32f4xx_tim.o
TIM_GetCapture3                                   build/stm32f4xx_tim.o
TIM_GetCapture4                                   build/stm32f4xx_tim.o
TIM_GetCounter                                    build/stm32f4xx_tim.o
TIM_GetFlagStatus                                 build/stm32f4xx_tim.o
TIM_GetITStatus                                   build/stm32f4xx_tim.o
TIM_GetPrescaler                                  build/stm32f4xx_tim.o
TIM_ICInit                                        build/stm32f4xx_tim.o
TIM_ICStructInit                                  build/stm32f4xx_tim.o
TIM_ITConfig                                      build/stm32f4xx_tim.o
TIM_ITRxExternalClockConfig                       build/stm32f4xx_tim.o
TIM_InternalClockConfig                           build/stm32f4xx_tim.o
TIM_OC1FastConfig                                 build/stm32f4xx_tim.o
TIM_OC1Init                                       build/stm32f4xx_tim.o
TIM_OC1NPolarityConfig                            build/stm32f4xx_tim.o
TIM_OC1PolarityConfig                             build/stm32f4xx_tim.o
TIM_OC1PreloadConfig                              build/stm32f4xx_tim.o
TIM_OC2FastConfig                                 build/stm32f4xx_tim.o
TIM_OC2Init                                       build/stm32f4xx_tim.o
TIM_OC2NPolarityConfig                            build/stm32f4xx_tim.o
TIM_OC2PolarityConfig                             build/stm32f4xx_tim.o
TIM_OC2PreloadConfig                              build/stm32f4xx_tim.o
TIM_OC3FastConfig                                 build/stm32f4xx_tim.o
TIM_OC3Init                                       build/stm32f4xx_tim.o
TIM_OC3NPolarityConfig                            build/stm32f4xx_tim.o
TIM_OC3PolarityConfig                             build/stm32f4xx_tim.o
TIM_OC3PreloadConfig                              build/stm32f4xx_tim.o
TIM_OC4FastConfig                                 build/stm32f4xx_tim.o
TIM_OC4Init                                       build/stm32f4xx_tim.o
TIM_OC4PolarityConfig                             build/stm32f4xx_tim.o
TIM_OC4PreloadConfig                              build/stm32f4xx_tim.o
TIM_OCStructInit                                  build/stm32f4xx_tim.o
TIM_PWMIConfig                                    build/stm32f4xx_tim.o
TIM_PrescalerConfig                               build/stm32f4xx_tim.o
TIM_RemapConfig                                   build/stm32f4xx_tim.o
TIM_SelectCCDMA                                   build/stm32f4xx_tim.o
TIM_SelectCOM                                     build/stm32f4xx_tim.o
TIM_SelectHallSensor                              build/stm32f4xx_tim.o
TIM_SelectInputTrigger                            build/stm32f4xx_tim.o
TIM_SelectMasterSlaveMode                         build/stm32f4xx_tim.o
TIM_SelectOCxM                                    build/stm32f4xx_tim.o
TIM_SelectOnePulseMode                            build/stm32f4xx_tim.o
TIM_SelectOutputTrigger                           build/stm32f4xx_tim.o
TIM_SelectSlaveMode                               build/stm32f4xx_tim.o
TIM_SetAutoreload                                 build/stm32f4xx_tim.o
TIM_SetClockDivision                              build/stm32f4xx_tim.o
TIM_SetCompare1                                   build/stm32f4xx_tim.o
TIM_SetCompare2                                   build/stm32f4xx_tim.o
TIM_SetCompare3                                   build/stm32f4xx_tim.o
TIM_SetCompare4                                   build/stm32f4xx_tim.o
TIM_SetCounter                                    build/stm32f4xx_tim.o
TIM_SetIC1Prescaler                               build/stm32f4xx_tim.o
TIM_SetIC2Prescaler                               build/stm32f4xx_tim.o
TIM_SetIC3Prescaler                               build/stm32f4xx_tim.o
TIM_SetIC4Prescaler                               build/stm32f4xx_tim.o
TIM_TIxExternalClockConfig                        build/stm32f4xx_tim.o
TIM_TimeBaseInit                                  build/stm32f4xx_tim.o
TIM_TimeBaseStructInit                            build/stm32f4xx_tim.o
TIM_UpdateDisableConfig                           build/stm32f4xx_tim.o
TIM_UpdateRequestConfig                           build/stm32f4xx_tim.o
TimingDelay_Decrement                             build/main.o
                                                  build/stm32f4xx_it.o
UART4_IRQHandler                                  build/startup_stm32f407xx.o
UART5_IRQHandler                                  build/startup_stm32f407xx.o
USART1_IRQHandler                                 build/startup_stm32f407xx.o
USART2_IRQHandler                                 build/startup_stm32f407xx.o
USART3_IRQHandler                                 build/startup_stm32f407xx.o
USART6_IRQHandler                                 build/startup_stm32f407xx.o
USART_ClearFlag                                   build/stm32f4xx_usart.o
USART_ClearITPendingBit                           build/stm32f4xx_usart.o
USART_ClockInit                                   build/stm32f4xx_usart.o
USART_ClockStructInit                             build/stm32f4xx_usart.o
USART_Cmd                                         build/stm32f4xx_usart.o
USART_DMACmd                                      build/stm32f4xx_usart.o
USART_DeInit                                      build/stm32f4xx_usart.o
USART_GetFlagStatus                               build/stm32f4xx_usart.o
USART_GetITStatus                                 build/stm32f4xx_usart.o
USART_HalfDuplexCmd                               build/stm32f4xx_usart.o
USART_ITConfig                                    build/stm32f4xx_usart.o
USART_Init                                        build/stm32f4xx_usart.o
USART_IrDACmd                                     build/stm32f4xx_usart.o
USART_IrDAConfig                                  build/stm32f4xx_usart.o
USART_LINBreakDetectLengthConfig                  build/stm32f4xx_usart.o
USART_LINCmd                                      build/stm32f4xx_usart.o
USART_OneBitMethodCmd                             build/stm32f4xx_usart.o
USART_OverSampling8Cmd                            build/stm32f4xx_usart.o
USART_ReceiveData                                 build/stm32f4xx_usart.o
USART_ReceiverWakeUpCmd                           build/stm32f4xx_usart.o
USART_SendBreak                                   build/stm32f4xx_usart.o
USART_SendData                                    build/stm32f4xx_usart.o
USART_SetAddress                                  build/stm32f4xx_usart.o
USART_SetGuardTime                                build/stm32f4xx_usart.o
USART_SetPrescaler                                build/stm32f4xx_usart.o
USART_SmartCardCmd                                build/stm32f4xx_usart.o
USART_SmartCardNACKCmd                            build/stm32f4xx_usart.o
USART_StructInit                                  build/stm32f4xx_usart.o
USART_WakeUpConfig                                build/stm32f4xx_usart.o
UsageFault_Handler                                build/stm32f4xx_it.o
WWDG_ClearFlag                                    build/stm32f4xx_wwdg.o
WWDG_DeInit                                       build/stm32f4xx_wwdg.o
WWDG_Enable                                       build/stm32f4xx_wwdg.o
WWDG_EnableIT                                     build/stm32f4xx_wwdg.o
WWDG_GetFlagStatus                                build/stm32f4xx_wwdg.o
WWDG_IRQHandler                                   build/startup_stm32f407xx.o
WWDG_SetCounter                                   build/stm32f4xx_wwdg.o
WWDG_SetPrescaler                                 build/stm32f4xx_wwdg.o
WWDG_SetWindowValue                               build/stm32f4xx_wwdg.o
__bss_end__                                       d:/gcc_tool/gnu_tool_arm_embedded/bin/../lib/gcc/arm-none-eabi/9.2.1/../../../../arm-none-eabi/lib/thumb/v7e-m+fp/hard/crt0.o
__bss_start__                                     d:/gcc_tool/gnu_tool_arm_embedded/bin/../lib/gcc/arm-none-eabi/9.2.1/../../../../arm-none-eabi/lib/thumb/v7e-m+fp/hard/crt0.o
__call_exitprocs                                  d:/gcc_tool/gnu_tool_arm_embedded/bin/../lib/gcc/arm-none-eabi/9.2.1/../../../../arm-none-eabi/lib/thumb/v7e-m+fp/hard\libc_nano.a(lib_a-exit.o)
__deregister_frame_info                           d:/gcc_tool/gnu_tool_arm_embedded/bin/../lib/gcc/arm-none-eabi/9.2.1/thumb/v7e-m+fp/hard/crtbegin.o
__dso_handle                                      d:/gcc_tool/gnu_tool_arm_embedded/bin/../lib/gcc/arm-none-eabi/9.2.1/thumb/v7e-m+fp/hard/crtbegin.o
__init_array_end                                  d:/gcc_tool/gnu_tool_arm_embedded/bin/../lib/gcc/arm-none-eabi/9.2.1/../../../../arm-none-eabi/lib/thumb/v7e-m+fp/hard\libc_nano.a(lib_a-init.o)
__init_array_start                                d:/gcc_tool/gnu_tool_arm_embedded/bin/../lib/gcc/arm-none-eabi/9.2.1/../../../../arm-none-eabi/lib/thumb/v7e-m+fp/hard\libc_nano.a(lib_a-init.o)
__libc_fini_array                                 d:/gcc_tool/gnu_tool_arm_embedded/bin/../lib/gcc/arm-none-eabi/9.2.1/../../../../arm-none-eabi/lib/thumb/v7e-m+fp/hard/crt0.o
__libc_init_array                                 d:/gcc_tool/gnu_tool_arm_embedded/bin/../lib/gcc/arm-none-eabi/9.2.1/../../../../arm-none-eabi/lib/thumb/v7e-m+fp/hard\libc_nano.a(lib_a-init.o)
                                                  build/startup_stm32f407xx.o
                                                  d:/gcc_tool/gnu_tool_arm_embedded/bin/../lib/gcc/arm-none-eabi/9.2.1/../../../../arm-none-eabi/lib/thumb/v7e-m+fp/hard/crt0.o
__preinit_array_end                               d:/gcc_tool/gnu_tool_arm_embedded/bin/../lib/gcc/arm-none-eabi/9.2.1/../../../../arm-none-eabi/lib/thumb/v7e-m+fp/hard\libc_nano.a(lib_a-init.o)
__preinit_array_start                             d:/gcc_tool/gnu_tool_arm_embedded/bin/../lib/gcc/arm-none-eabi/9.2.1/../../../../arm-none-eabi/lib/thumb/v7e-m+fp/hard\libc_nano.a(lib_a-init.o)
__register_frame_info                             d:/gcc_tool/gnu_tool_arm_embedded/bin/../lib/gcc/arm-none-eabi/9.2.1/thumb/v7e-m+fp/hard/crtbegin.o
__sf_fake_stderr                                  d:/gcc_tool/gnu_tool_arm_embedded/bin/../lib/gcc/arm-none-eabi/9.2.1/../../../../arm-none-eabi/lib/thumb/v7e-m+fp/hard\libc_nano.a(lib_a-impure.o)
__sf_fake_stdin                                   d:/gcc_tool/gnu_tool_arm_embedded/bin/../lib/gcc/arm-none-eabi/9.2.1/../../../../arm-none-eabi/lib/thumb/v7e-m+fp/hard\libc_nano.a(lib_a-impure.o)
__sf_fake_stdout                                  d:/gcc_tool/gnu_tool_arm_embedded/bin/../lib/gcc/arm-none-eabi/9.2.1/../../../../arm-none-eabi/lib/thumb/v7e-m+fp/hard\libc_nano.a(lib_a-impure.o)
__stack                                           d:/gcc_tool/gnu_tool_arm_embedded/bin/../lib/gcc/arm-none-eabi/9.2.1/../../../../arm-none-eabi/lib/thumb/v7e-m+fp/hard/crt0.o
_ebss                                             build/startup_stm32f407xx.o
_edata                                            build/startup_stm32f407xx.o
_estack                                           build/startup_stm32f407xx.o
_exit                                             d:/gcc_tool/gnu_tool_arm_embedded/bin/../lib/gcc/arm-none-eabi/9.2.1/../../../../arm-none-eabi/lib/thumb/v7e-m+fp/hard\libnosys.a(_exit.o)
                                                  d:/gcc_tool/gnu_tool_arm_embedded/bin/../lib/gcc/arm-none-eabi/9.2.1/../../../../arm-none-eabi/lib/thumb/v7e-m+fp/hard\libc_nano.a(lib_a-exit.o)
_fini                                             d:/gcc_tool/gnu_tool_arm_embedded/bin/../lib/gcc/arm-none-eabi/9.2.1/thumb/v7e-m+fp/hard/crti.o
_global_impure_ptr                                d:/gcc_tool/gnu_tool_arm_embedded/bin/../lib/gcc/arm-none-eabi/9.2.1/../../../../arm-none-eabi/lib/thumb/v7e-m+fp/hard\libc_nano.a(lib_a-impure.o)
                                                  d:/gcc_tool/gnu_tool_arm_embedded/bin/../lib/gcc/arm-none-eabi/9.2.1/../../../../arm-none-eabi/lib/thumb/v7e-m+fp/hard\libc_nano.a(lib_a-exit.o)
_impure_ptr                                       d:/gcc_tool/gnu_tool_arm_embedded/bin/../lib/gcc/arm-none-eabi/9.2.1/../../../../arm-none-eabi/lib/thumb/v7e-m+fp/hard\libc_nano.a(lib_a-impure.o)
_init                                             d:/gcc_tool/gnu_tool_arm_embedded/bin/../lib/gcc/arm-none-eabi/9.2.1/thumb/v7e-m+fp/hard/crti.o
                                                  d:/gcc_tool/gnu_tool_arm_embedded/bin/../lib/gcc/arm-none-eabi/9.2.1/../../../../arm-none-eabi/lib/thumb/v7e-m+fp/hard\libc_nano.a(lib_a-init.o)
_mainCRTStartup                                   d:/gcc_tool/gnu_tool_arm_embedded/bin/../lib/gcc/arm-none-eabi/9.2.1/../../../../arm-none-eabi/lib/thumb/v7e-m+fp/hard/crt0.o
_sbss                                             build/startup_stm32f407xx.o
_sdata                                            build/startup_stm32f407xx.o
_sidata                                           build/startup_stm32f407xx.o
_start                                            d:/gcc_tool/gnu_tool_arm_embedded/bin/../lib/gcc/arm-none-eabi/9.2.1/../../../../arm-none-eabi/lib/thumb/v7e-m+fp/hard/crt0.o
atexit                                            d:/gcc_tool/gnu_tool_arm_embedded/bin/../lib/gcc/arm-none-eabi/9.2.1/../../../../arm-none-eabi/lib/thumb/v7e-m+fp/hard/crt0.o
exit                                              d:/gcc_tool/gnu_tool_arm_embedded/bin/../lib/gcc/arm-none-eabi/9.2.1/../../../../arm-none-eabi/lib/thumb/v7e-m+fp/hard\libc_nano.a(lib_a-exit.o)
                                                  d:/gcc_tool/gnu_tool_arm_embedded/bin/../lib/gcc/arm-none-eabi/9.2.1/../../../../arm-none-eabi/lib/thumb/v7e-m+fp/hard/crt0.o
g_pfnVectors                                      build/startup_stm32f407xx.o
hardware_init_hook                                d:/gcc_tool/gnu_tool_arm_embedded/bin/../lib/gcc/arm-none-eabi/9.2.1/../../../../arm-none-eabi/lib/thumb/v7e-m+fp/hard/crt0.o
main                                              build/main.o
                                                  build/startup_stm32f407xx.o
                                                  d:/gcc_tool/gnu_tool_arm_embedded/bin/../lib/gcc/arm-none-eabi/9.2.1/../../../../arm-none-eabi/lib/thumb/v7e-m+fp/hard/crt0.o
memset                                            d:/gcc_tool/gnu_tool_arm_embedded/bin/../lib/gcc/arm-none-eabi/9.2.1/../../../../arm-none-eabi/lib/thumb/v7e-m+fp/hard\libc_nano.a(lib_a-memset.o)
                                                  d:/gcc_tool/gnu_tool_arm_embedded/bin/../lib/gcc/arm-none-eabi/9.2.1/../../../../arm-none-eabi/lib/thumb/v7e-m+fp/hard/crt0.o
software_init_hook                                d:/gcc_tool/gnu_tool_arm_embedded/bin/../lib/gcc/arm-none-eabi/9.2.1/../../../../arm-none-eabi/lib/thumb/v7e-m+fp/hard/crt0.o
